GDTEST_ANALYZER_ERROR
>> ERROR at line 1: Can not use "OtherTrait" trait since shadows members from previous traits.
>> ERROR at line 2: "SomeTrait" trait use is already declared.
