GDTEST_OK
function one
function two
function three
ok
